// Jest Snapshot v1, https://goo.gl/fbAQLP

exports[`Test Inputfield component snapshot renders 1`] = `
<input
  className="field input-style"
  onChange={[Function]}
  style={Object {}}
  type="text"
  value="Kenna"
/>
`;
